// Jest Snapshot v1, https://goo.gl/fbAQLP

exports[`<App /> renders correctly 1`] = `
<div
  className="app-container"
>
  <nav
    className="nav-container"
  >
    <span
      className="nav-title"
    >
      Project Jackson
    </span>
    <div
      className="nav-link-container"
    >
      <a
        aria-current="page"
        className="nav-link active"
        href="/"
        onClick={[Function]}
      >
        Home
      </a>
      <a
        className="nav-link"
        href="/people"
        onClick={[Function]}
      >
        People
      </a>
      <a
        className="nav-link"
        href="/titles"
        onClick={[Function]}
      >
        Titles
      </a>
      <button
        className="login-button"
        onClick={[Function]}
      >
        Log In
      </button>
    </div>
  </nav>
  <div
    role="group"
    style={
      Object {
        "outline": "none",
      }
    }
    tabIndex="-1"
  >
    <div
      className="page-container--home"
    >
      <h1
        className="home-title"
      >
        Welcome to Project Jackson!
      </h1>
      <p
        className="center"
      >
        <b>
          Project Jackson
        </b>
         is an open-source project that creates an application and deployment infrastructure using Azure App Service for Containers.
        <br />
        <br />
        Azure resources used include
        <a
          href="https://azure.microsoft.com/en-us/services/app-service/containers/"
        >
          App Service for Containers
        </a>
        , 
        <a
          href="https://docs.microsoft.com/en-us/azure/cosmos-db/"
        >
          CosmosDB
        </a>
        , 
        <a
          href="https://azure.microsoft.com/en-us/services/traffic-manager/"
        >
          Traffic Manager
        </a>
        , and 
        <a
          href="https://azure.microsoft.com/en-us/services/application-gateway/"
        >
          Application Gateway
        </a>
        .
        <br />
        <br />
        To demonstrate Cosmos DB performance with large amounts of data, the project imports historical movie data from IMDb. See 
        <a
          href="https://datasets.imdbws.com/"
        >
           here for downloadable IMDB datasets
        </a>
        . The datasets include 8.9 million people, 5.3 million movies and 30 million relationships between them.
        <br />
        <br />
        Languages used for this project include Java, Javascript, and Typescript.
        <br />
        <br />
        Technologies used include:
      </p>
      <ul
        className="center"
      >
        <li>
          <i>
            Java Spring
          </i>
          , a platform that provides infrastructure support for Java applications 
        </li>
        <li>
          <i>
            Docker
          </i>
          , a tool used in order to isolate microservices,simplifying maintenance and testing
        </li>
        <li>
          <i>
            React
          </i>
          , a component-based front-end Javascript library, used for building UIs 
        </li>
        <li>
          <i>
            Reach Router
          </i>
          , an accessible Javascript library that manages the focus of apps on route transitions
        </li>
        <li>
          <i>
            Jest
          </i>
          , a Javascript library used to test front-end rendering
        </li>
        <li>
          <i>
            Webpack
          </i>
          , a bundler for Javascript files
        </li>
        <li>
          <i>
            Azure Resource Manager (ARM) templates
          </i>
          , to simplify deployment of Azure resources and services
        </li>
      </ul>
    </div>
  </div>
</div>
`;
