// Jest Snapshot v1, https://goo.gl/fbAQLP

exports[`<Title /> renders correctly 1`] = `
<div
  className="page-container"
>
  <div
    className="form-container"
  >
    <h1>
      Search Titles
    </h1>
    <p
      className="form-description"
    >
      Enter the ID for a title to get their information from the database. Leave the form empty for a random sample of people from the database.
    </p>
    <form
      className="form"
    >
      <label>
        <span
          className="form-field-pre-text"
        >
          Title ID:
        </span>
        <input
          className="form-field-input"
          name="id"
          onChange={[Function]}
          placeholder="Title ID"
          type="text"
        />
        <span
          className="form-field-sub-text"
        >
          Leave empty for random sample
        </span>
      </label>
      <input
        className="form-field-submit"
        onClick={[Function]}
        type="submit"
        value="Search"
      />
    </form>
  </div>
  <div
    className="results-container"
  >
    <h2
      className="results-title"
    >
      Results for TitleId: 
    </h2>
    <pre
      className="results-view"
    >
      null
    </pre>
    <h4 />
  </div>
</div>
`;
